<?xml version="1.0" ?>
<testsuites disabled="0" errors="0" failures="0" tests="0" time="0.0">
	<testsuite disabled="0" errors="0" failures="0" name="my test suite" skipped="0" tests="0" time="0"/>
</testsuites>
